
> smartbiz-tz@1.0.0 start
> expo start

env: load .env
env: export EXPO_PUBLIC_SUPABASE_URL EXPO_PUBLIC_SUPABASE_ANON_KEY EXPO_PUBLIC_ADMIN_ACCESS_KEY
Starting project at /home/codeunion/Desktop/smartbiz-tz
Starting Metro Bundler
The following packages should be updated for best compatibility with the installed expo version:
  @expo/vector-icons@14.1.0 - expected version: ^15.0.3
  @react-native-async-storage/async-storage@1.23.1 - expected version: 2.2.0
  expo-font@13.0.4 - expected version: ~14.0.11
  expo-linear-gradient@14.0.2 - expected version: ~15.0.8
  expo-secure-store@14.0.1 - expected version: ~15.0.8
  react-native-gesture-handler@2.31.1 - expected version: ~2.28.0
  react-native-reanimated@3.19.5 - expected version: ~4.1.1
  react-native-safe-area-context@5.7.0 - expected version: ~5.6.0
  react-native-screens@4.24.0 - expected version: ~4.16.0
  react-native-svg@15.15.4 - expected version: 15.12.1
Your project may not work correctly until you install the expected versions of the packages.
Waiting on http://localhost:8081
Logs for your project will appear below.
